******************************************************************************
                  TI ARM Linker PC v20.2.1                     
******************************************************************************
>> Linked Mon Sep 14 22:44:03 2020

OUTPUT FILE NAME:   <keyboard.out>
ENTRY POINT SYMBOL: "_c_int00_noargs"  address: 00000325


MEMORY CONFIGURATION

         name            origin    length      used     unused   attr    fill
----------------------  --------  ---------  --------  --------  ----  --------
  MAIN                  00000000   00040000  000003c8  0003fc38  R  X
  INFO                  00200000   00004000  00000000  00004000  R  X
  SRAM_CODE             01000000   00010000  00000218  0000fde8  RW X
  SRAM_DATA             20000000   00010000  00000218  0000fde8  RW  


SEGMENT ALLOCATION MAP

run origin  load origin   length   init length attrs members
----------  ----------- ---------- ----------- ----- -------
00000000    00000000    000003cc   000003cc    r-x
  00000000    00000000    000000e4   000000e4    r-- .intvecs
  000000e4    000000e4    000002b8   000002b8    r-x .text
  000003a0    000003a0    0000002c   0000002c    r-- .cinit
20000000    20000000    00000018   00000000    rw-
  20000000    20000000    00000018   00000000    rw- .data
2000fe00    2000fe00    00000200   00000000    rw-
  2000fe00    2000fe00    00000200   00000000    rw- .stack


SECTION ALLOCATION MAP

 output                                  attributes/
section   page    origin      length       input sections
--------  ----  ----------  ----------   ----------------
.intvecs   0    00000000    000000e4     
                  00000000    000000e4     startup_msp432p401r_ccs.obj (.intvecs:retain)

.text      0    000000e4    000002b8     
                  000000e4    0000009c     rtsv7M4_T_le_v4SPD16_eabi.lib : memcpy_t2.asm.obj (.text)
                  00000180    00000080     pwm.obj (.text:PWM_Out)
                  00000200    00000078     system_msp432p401r.obj (.text:SystemInit)
                  00000278    00000068     rtsv7M4_T_le_v4SPD16_eabi.lib : copy_decompress_lzss.c.obj (.text:decompress:lzss:__TI_decompress_lzss)
                  000002e0    00000044                                   : autoinit.c.obj (.text:__TI_auto_init_nobinit_nopinit:__TI_auto_init_nobinit_nopinit)
                  00000324    00000034                                   : boot_cortex_m.c.obj (.text:_c_int00_noargs:_c_int00_noargs)
                  00000358    00000020     keyboard.obj (.text:main)
                  00000378    0000000e     rtsv7M4_T_le_v4SPD16_eabi.lib : copy_decompress_none.c.obj (.text:decompress:none:__TI_decompress_none)
                  00000386    0000000c     startup_msp432p401r_ccs.obj (.text:Reset_Handler)
                  00000392    00000004     rtsv7M4_T_le_v4SPD16_eabi.lib : pre_init.c.obj (.text:_system_pre_init)
                  00000396    00000004                                   : exit.c.obj (.text:abort:abort)
                  0000039a    00000002     startup_msp432p401r_ccs.obj (.text:Default_Handler)

.cinit     0    000003a0    0000002c     
                  000003a0    0000001b     (.cinit..data.load) [load image, compression = lzss]
                  000003bb    00000001     --HOLE-- [fill = 0]
                  000003bc    00000008     (__TI_handler_table)
                  000003c4    00000008     (__TI_cinit_table)

.init_array 
*          0    00000000    00000000     UNINITIALIZED

.binit     0    00000000    00000000     

.data      0    20000000    00000018     UNINITIALIZED
                  20000000    00000018     pwm.obj (.data:pwmConfig)

.stack     0    2000fe00    00000200     UNINITIALIZED
                  2000fe00    00000004     rtsv7M4_T_le_v4SPD16_eabi.lib : boot_cortex_m.c.obj (.stack)
                  2000fe04    000001fc     --HOLE--

__llvm_prf_cnts 
*          0    20000000    00000000     UNINITIALIZED

MODULE SUMMARY

       Module                        code   ro data   rw data
       ------                        ----   -------   -------
    .\
       pwm.obj                       128    0         48     
       system_msp432p401r.obj        120    0         0      
       keyboard.obj                  32     0         0      
    +--+-----------------------------+------+---------+---------+
       Total:                        280    0         48     
                                                             
    .\ccs\
       startup_msp432p401r_ccs.obj   14     228       0      
    +--+-----------------------------+------+---------+---------+
       Total:                        14     228       0      
                                                             
    C:\ti\ccs1010\ccs\tools\compiler\ti-cgt-arm_20.2.1.LTS\lib\rtsv7M4_T_le_v4SPD16_eabi.lib
       memcpy_t2.asm.obj             156    0         0      
       copy_decompress_lzss.c.obj    104    0         0      
       autoinit.c.obj                68     0         0      
       boot_cortex_m.c.obj           52     0         0      
       copy_decompress_none.c.obj    14     0         0      
       exit.c.obj                    4      0         0      
       pre_init.c.obj                4      0         0      
    +--+-----------------------------+------+---------+---------+
       Total:                        402    0         0      
                                                             
       Stack:                        0      0         1024   
       Linker Generated:             0      43        0      
    +--+-----------------------------+------+---------+---------+
       Grand Total:                  696    271       1072   


LINKER GENERATED COPY TABLES

__TI_cinit_table @ 000003c4 records: 1, size/record: 8, table size: 8
	.data: load addr=000003a0, load size=0000001b bytes, run addr=20000000, run size=00000018 bytes, compression=lzss


LINKER GENERATED HANDLER TABLE

__TI_handler_table @ 000003bc records: 2, size/record: 4, table size: 8
	index: 0, handler: __TI_decompress_lzss
	index: 1, handler: __TI_decompress_none


GLOBAL SYMBOLS: SORTED ALPHABETICALLY BY Name 

address   name                          
-------   ----                          
0000039b  ADC14_IRQHandler              
0000039b  AES256_IRQHandler             
0000039b  BusFault_Handler              
00000397  C$$EXIT                       
0000039b  COMP_E0_IRQHandler            
0000039b  COMP_E1_IRQHandler            
0000039b  CS_IRQHandler                 
0000039b  DMA_ERR_IRQHandler            
0000039b  DMA_INT0_IRQHandler           
0000039b  DMA_INT1_IRQHandler           
0000039b  DMA_INT2_IRQHandler           
0000039b  DMA_INT3_IRQHandler           
0000039b  DebugMon_Handler              
0000039b  Default_Handler               
0000039b  EUSCIA0_IRQHandler            
0000039b  EUSCIA1_IRQHandler            
0000039b  EUSCIA2_IRQHandler            
0000039b  EUSCIA3_IRQHandler            
0000039b  EUSCIB0_IRQHandler            
0000039b  EUSCIB1_IRQHandler            
0000039b  EUSCIB2_IRQHandler            
0000039b  EUSCIB3_IRQHandler            
0000039b  FLCTL_IRQHandler              
0000039b  FPU_IRQHandler                
0000039b  HardFault_Handler             
0000039b  MemManage_Handler             
0000039b  NMI_Handler                   
0000039b  PCM_IRQHandler                
0000039b  PORT1_IRQHandler              
0000039b  PORT2_IRQHandler              
0000039b  PORT3_IRQHandler              
0000039b  PORT4_IRQHandler              
0000039b  PORT5_IRQHandler              
0000039b  PORT6_IRQHandler              
0000039b  PSS_IRQHandler                
00000181  PWM_Out                       
0000039b  PendSV_Handler                
0000039b  RTC_C_IRQHandler              
00000387  Reset_Handler                 
0000039b  SVC_Handler                   
0000039b  SysTick_Handler               
00000201  SystemInit                    
0000039b  T32_INT1_IRQHandler           
0000039b  T32_INT2_IRQHandler           
0000039b  T32_INTC_IRQHandler           
0000039b  TA0_0_IRQHandler              
0000039b  TA0_N_IRQHandler              
0000039b  TA1_0_IRQHandler              
0000039b  TA1_N_IRQHandler              
0000039b  TA2_0_IRQHandler              
0000039b  TA2_N_IRQHandler              
0000039b  TA3_0_IRQHandler              
0000039b  TA3_N_IRQHandler              
0000039b  UsageFault_Handler            
4000480c  WDTCTL_SYM                    
0000039b  WDT_A_IRQHandler              
20010000  __STACK_END                   
00000200  __STACK_SIZE                  
000003c4  __TI_CINIT_Base               
000003cc  __TI_CINIT_Limit              
000003bc  __TI_Handler_Table_Base       
000003c4  __TI_Handler_Table_Limit      
000002e1  __TI_auto_init_nobinit_nopinit
00000279  __TI_decompress_lzss          
00000379  __TI_decompress_none          
ffffffff  __TI_pprof_out_hndl           
ffffffff  __TI_prof_data_size           
ffffffff  __TI_prof_data_start          
00000000  __TI_static_base__            
000000e5  __aeabi_memcpy                
000000e5  __aeabi_memcpy4               
000000e5  __aeabi_memcpy8               
ffffffff  __binit__                     
ffffffff  __c_args__                    
UNDEFED   __mpu_init                    
2000fe00  __stack                       
20000000  __start___llvm_prf_cnts       
20000000  __stop___llvm_prf_cnts        
00000325  _c_int00_noargs               
UNDEFED   _system_post_cinit            
00000393  _system_pre_init              
00000397  abort                         
ffffffff  binit                         
00000000  interruptVectors              
00000359  main                          
000000e5  memcpy                        
20000000  pwmConfig                     


GLOBAL SYMBOLS: SORTED BY Symbol Address 

address   name                          
-------   ----                          
00000000  __TI_static_base__            
00000000  interruptVectors              
000000e5  __aeabi_memcpy                
000000e5  __aeabi_memcpy4               
000000e5  __aeabi_memcpy8               
000000e5  memcpy                        
00000181  PWM_Out                       
00000200  __STACK_SIZE                  
00000201  SystemInit                    
00000279  __TI_decompress_lzss          
000002e1  __TI_auto_init_nobinit_nopinit
00000325  _c_int00_noargs               
00000359  main                          
00000379  __TI_decompress_none          
00000387  Reset_Handler                 
00000393  _system_pre_init              
00000397  C$$EXIT                       
00000397  abort                         
0000039b  ADC14_IRQHandler              
0000039b  AES256_IRQHandler             
0000039b  BusFault_Handler              
0000039b  COMP_E0_IRQHandler            
0000039b  COMP_E1_IRQHandler            
0000039b  CS_IRQHandler                 
0000039b  DMA_ERR_IRQHandler            
0000039b  DMA_INT0_IRQHandler           
0000039b  DMA_INT1_IRQHandler           
0000039b  DMA_INT2_IRQHandler           
0000039b  DMA_INT3_IRQHandler           
0000039b  DebugMon_Handler              
0000039b  Default_Handler               
0000039b  EUSCIA0_IRQHandler            
0000039b  EUSCIA1_IRQHandler            
0000039b  EUSCIA2_IRQHandler            
0000039b  EUSCIA3_IRQHandler            
0000039b  EUSCIB0_IRQHandler            
0000039b  EUSCIB1_IRQHandler            
0000039b  EUSCIB2_IRQHandler            
0000039b  EUSCIB3_IRQHandler            
0000039b  FLCTL_IRQHandler              
0000039b  FPU_IRQHandler                
0000039b  HardFault_Handler             
0000039b  MemManage_Handler             
0000039b  NMI_Handler                   
0000039b  PCM_IRQHandler                
0000039b  PORT1_IRQHandler              
0000039b  PORT2_IRQHandler              
0000039b  PORT3_IRQHandler              
0000039b  PORT4_IRQHandler              
0000039b  PORT5_IRQHandler              
0000039b  PORT6_IRQHandler              
0000039b  PSS_IRQHandler                
0000039b  PendSV_Handler                
0000039b  RTC_C_IRQHandler              
0000039b  SVC_Handler                   
0000039b  SysTick_Handler               
0000039b  T32_INT1_IRQHandler           
0000039b  T32_INT2_IRQHandler           
0000039b  T32_INTC_IRQHandler           
0000039b  TA0_0_IRQHandler              
0000039b  TA0_N_IRQHandler              
0000039b  TA1_0_IRQHandler              
0000039b  TA1_N_IRQHandler              
0000039b  TA2_0_IRQHandler              
0000039b  TA2_N_IRQHandler              
0000039b  TA3_0_IRQHandler              
0000039b  TA3_N_IRQHandler              
0000039b  UsageFault_Handler            
0000039b  WDT_A_IRQHandler              
000003bc  __TI_Handler_Table_Base       
000003c4  __TI_CINIT_Base               
000003c4  __TI_Handler_Table_Limit      
000003cc  __TI_CINIT_Limit              
20000000  __start___llvm_prf_cnts       
20000000  __stop___llvm_prf_cnts        
20000000  pwmConfig                     
2000fe00  __stack                       
20010000  __STACK_END                   
4000480c  WDTCTL_SYM                    
ffffffff  __TI_pprof_out_hndl           
ffffffff  __TI_prof_data_size           
ffffffff  __TI_prof_data_start          
ffffffff  __binit__                     
ffffffff  __c_args__                    
ffffffff  binit                         
UNDEFED   __mpu_init                    
UNDEFED   _system_post_cinit            

[87 symbols]
